Task exception was never retrieved
future: <Task finished name='Task-4' coro=<receive_responses() done, defined at C:\Projetos Aleat¾rios\Mock Interview AI\backend\tests\scripts\test_audio_loop.py:56> exception=UnicodeEncodeError('charmap', '\U0001f442 Escutando...', 0, 1, 'character maps to <undefined>')>
Traceback (most recent call last):
  File "C:\Projetos Aleat¾rios\Mock Interview AI\backend\tests\scripts\test_audio_loop.py", line 57, in receive_responses
    print("\U0001f442 Escutando...")
    ~~~~~^^^^^^^^^^^^^^^^^^^
  File "C:\Python314\Lib\encodings\cp1252.py", line 19, in encode
    return codecs.charmap_encode(input,self.errors,encoding_table)[0]
           ~~~~~~~~~~~~~~~~~~~~~^^^^^^^^^^^^^^^^^^^^^^^^^^^^^^^^^^
UnicodeEncodeError: 'charmap' codec can't encode character '\U0001f442' in position 0: character maps to <undefined>
Task exception was never retrieved
future: <Task finished name='Task-3' coro=<send_audio_stream() done, defined at C:\Projetos Aleat¾rios\Mock Interview AI\backend\tests\scripts\test_audio_loop.py:29> exception=UnicodeEncodeError('charmap', '\U0001f3b5 Gerando 1.0s de ßudio (440.0Hz)...', 0, 1, 'character maps to <undefined>')>
Traceback (most recent call last):
  File "C:\Projetos Aleat¾rios\Mock Interview AI\backend\tests\scripts\test_audio_loop.py", line 30, in send_audio_stream
    pcm_data = generate_beep_pcm()
  File "C:\Projetos Aleat¾rios\Mock Interview AI\backend\tests\scripts\test_audio_loop.py", line 20, in generate_beep_pcm
    print(f"\U0001f3b5 Gerando {duration_sec}s de ßudio ({freq}Hz)...")
    ~~~~~^^^^^^^^^^^^^^^^^^^^^^^^^^^^^^^^^^^^^^^^^^^^^^^^^^^^^^
  File "C:\Python314\Lib\encodings\cp1252.py", line 19, in encode
    return codecs.charmap_encode(input,self.errors,encoding_table)[0]
           ~~~~~~~~~~~~~~~~~~~~~^^^^^^^^^^^^^^^^^^^^^^^^^^^^^^^^^^
UnicodeEncodeError: 'charmap' codec can't encode character '\U0001f3b5' in position 0: character maps to <undefined>
